
Map of Debug\RFemitter.sm8 from link file Debug\RFemitter.lkf - Sun Jun 21 22:52:30 2015


                               --------
                               Segments
                               --------

start 00008080 end 0000809c length    28 segment .const
start 000080c0 end 00008b49 length  2697 segment .text
start 00004000 end 00004000 length     0 segment .eeprom
start 00000000 end 00000016 length    22 segment .bsct, initialized
start 000080a9 end 000080bf length    22 segment .bsct, from
start 00000016 end 0000006e length    88 segment .ubsct
start 00006e:0 end 00006e:5 length     5 segment .bit, initialized
start 000080bf end 000080c0 length     1 segment .bit, from
start 0000006f end 0000006f length     0 segment .share
start 00000100 end 00000100 length     0 segment .data
start 00000100 end 00000100 length     0 segment .bss
start 00000000 end 00000bb0 length  2992 segment .info.
start 00000000 end 0000bc2a length 48170 segment .debug
start 00008000 end 00008080 length   128 segment .const
start 0000809c end 000080a9 length    13 segment .init


                               -------
                               Modules
                               -------

C:\Program Files (x86)\COSMIC\CXSTM8_32K\Lib\crtsi0.sm8:
start 000080c0 end 00008110 length    80 section .text
start 00000100 end 00000100 length     0 section .bss
start 00000016 end 00000016 length     0 section .ubsct
start 00000000 end 0000002f length    47 section .info.

Debug\hd44780.o:
start 00000016 end 00000020 length    10 section .ubsct
start 00000000 end 00000403 length  1027 section .debug
start 0000002f end 000000ca length   155 section .info.
start 00008110 end 0000811f length    15 section .text
start 0000811f end 000081f7 length   216 section .text
start 000081f7 end 0000824f length    88 section .text
start 00008080 end 00008084 length     4 section .const
start 0000824f end 000082b4 length   101 section .text
start 000082b4 end 000082ff length    75 section .text
start 000082ff end 00008320 length    33 section .text
start 00008320 end 00008333 length    19 section .text
start ******** end ******** length     0 section .text *** removed ***
start 00008333 end 00008346 length    19 section .text
start 00008346 end 0000836b length    37 section .text

Debug\stm8s_clk.o:
start 00000403 end 00001a72 length  5743 section .debug
start 000000ca end 00000167 length   157 section .info.
start ******** end ******** length     0 section .const *** removed ***
start 0000836b end 000083a1 length    54 section .text
start 000083a1 end 000083ae length    13 section .text
start ******** end ******** length     0 section .text *** removed ***
start 000083ae end 000083bb length    13 section .text
start ******** end ******** length     0 section .text *** removed ***
start 000083bb end 000083c8 length    13 section .text
start ******** end ******** length     0 section .text *** removed ***
start ******** end ******** length     0 section .text *** removed ***
start 000083c8 end 00008422 length    90 section .text
start ******** end ******** length     0 section .text *** removed ***
start ******** end ******** length     0 section .text *** removed ***
start 00008422 end 00008439 length    23 section .text
start ******** end ******** length     0 section .text *** removed ***
start 00008439 end 00008460 length    39 section .text
start ******** end ******** length     0 section .text *** removed ***
start ******** end ******** length     0 section .text *** removed ***
start ******** end ******** length     0 section .text *** removed ***
start ******** end ******** length     0 section .text *** removed ***
start 00008460 end 0000846d length    13 section .text
start ******** end ******** length     0 section .text *** removed ***
start 0000846d end 000084b0 length    67 section .text
start ******** end ******** length     0 section .text *** removed ***
start ******** end ******** length     0 section .text *** removed ***

Debug\stm8s_gpio.o:
start 00001a72 end 0000247c length  2570 section .debug
start 00000167 end 00000205 length   158 section .info.
start ******** end ******** length     0 section .text *** removed ***
start 000084b0 end 00008505 length    85 section .text
start ******** end ******** length     0 section .text *** removed ***
start ******** end ******** length     0 section .text *** removed ***
start ******** end ******** length     0 section .text *** removed ***
start ******** end ******** length     0 section .text *** removed ***
start ******** end ******** length     0 section .text *** removed ***
start ******** end ******** length     0 section .text *** removed ***
start ******** end ******** length     0 section .text *** removed ***
start ******** end ******** length     0 section .text *** removed ***

Debug\stm8s_uart1.o:
start 0000247c end 00003868 length  5100 section .debug
start 00000205 end 000002a4 length   159 section .info.
start ******** end ******** length     0 section .text *** removed ***
start ******** end ******** length     0 section .const *** removed ***
start ******** end ******** length     0 section .text *** removed ***
start ******** end ******** length     0 section .text *** removed ***
start ******** end ******** length     0 section .text *** removed ***
start ******** end ******** length     0 section .text *** removed ***
start ******** end ******** length     0 section .text *** removed ***
start ******** end ******** length     0 section .text *** removed ***
start ******** end ******** length     0 section .text *** removed ***
start ******** end ******** length     0 section .text *** removed ***
start ******** end ******** length     0 section .text *** removed ***
start ******** end ******** length     0 section .text *** removed ***
start ******** end ******** length     0 section .text *** removed ***
start ******** end ******** length     0 section .text *** removed ***
start ******** end ******** length     0 section .text *** removed ***
start ******** end ******** length     0 section .text *** removed ***
start ******** end ******** length     0 section .text *** removed ***
start ******** end ******** length     0 section .text *** removed ***
start ******** end ******** length     0 section .text *** removed ***
start ******** end ******** length     0 section .text *** removed ***
start ******** end ******** length     0 section .text *** removed ***
start ******** end ******** length     0 section .text *** removed ***
start ******** end ******** length     0 section .text *** removed ***
start ******** end ******** length     0 section .text *** removed ***
start ******** end ******** length     0 section .text *** removed ***
start ******** end ******** length     0 section .text *** removed ***

Debug\stm8s_tim1.o:
start 00003868 end 000077f2 length 16266 section .debug
start 000002a4 end 00000342 length   158 section .info.
start 00008505 end 0000859e length   153 section .text
start 0000859e end 000085c2 length    36 section .text
start ******** end ******** length     0 section .text *** removed ***
start ******** end ******** length     0 section .text *** removed ***
start ******** end ******** length     0 section .text *** removed ***
start ******** end ******** length     0 section .text *** removed ***
start ******** end ******** length     0 section .text *** removed ***
start ******** end ******** length     0 section .text *** removed ***
start ******** end ******** length     0 section .text *** removed ***
start 000085c2 end 000085cf length    13 section .text
start ******** end ******** length     0 section .text *** removed ***
start 000085cf end 000085e5 length    22 section .text
start ******** end ******** length     0 section .text *** removed ***
start ******** end ******** length     0 section .text *** removed ***
start ******** end ******** length     0 section .text *** removed ***
start ******** end ******** length     0 section .text *** removed ***
start ******** end ******** length     0 section .text *** removed ***
start ******** end ******** length     0 section .text *** removed ***
start ******** end ******** length     0 section .text *** removed ***
start ******** end ******** length     0 section .text *** removed ***
start ******** end ******** length     0 section .text *** removed ***
start ******** end ******** length     0 section .text *** removed ***
start ******** end ******** length     0 section .text *** removed ***
start ******** end ******** length     0 section .text *** removed ***
start ******** end ******** length     0 section .text *** removed ***
start ******** end ******** length     0 section .text *** removed ***
start ******** end ******** length     0 section .text *** removed ***
start ******** end ******** length     0 section .text *** removed ***
start ******** end ******** length     0 section .text *** removed ***
start ******** end ******** length     0 section .text *** removed ***
start ******** end ******** length     0 section .text *** removed ***
start ******** end ******** length     0 section .text *** removed ***
start ******** end ******** length     0 section .text *** removed ***
start ******** end ******** length     0 section .text *** removed ***
start ******** end ******** length     0 section .text *** removed ***
start ******** end ******** length     0 section .text *** removed ***
start ******** end ******** length     0 section .text *** removed ***
start ******** end ******** length     0 section .text *** removed ***
start ******** end ******** length     0 section .text *** removed ***
start ******** end ******** length     0 section .text *** removed ***
start ******** end ******** length     0 section .text *** removed ***
start ******** end ******** length     0 section .text *** removed ***
start ******** end ******** length     0 section .text *** removed ***
start ******** end ******** length     0 section .text *** removed ***
start ******** end ******** length     0 section .text *** removed ***
start ******** end ******** length     0 section .text *** removed ***
start ******** end ******** length     0 section .text *** removed ***
start ******** end ******** length     0 section .text *** removed ***
start ******** end ******** length     0 section .text *** removed ***
start ******** end ******** length     0 section .text *** removed ***
start ******** end ******** length     0 section .text *** removed ***
start ******** end ******** length     0 section .text *** removed ***
start ******** end ******** length     0 section .text *** removed ***
start ******** end ******** length     0 section .text *** removed ***
start ******** end ******** length     0 section .text *** removed ***
start ******** end ******** length     0 section .text *** removed ***
start ******** end ******** length     0 section .text *** removed ***
start ******** end ******** length     0 section .text *** removed ***
start ******** end ******** length     0 section .text *** removed ***
start ******** end ******** length     0 section .text *** removed ***
start ******** end ******** length     0 section .text *** removed ***
start ******** end ******** length     0 section .text *** removed ***
start ******** end ******** length     0 section .text *** removed ***
start ******** end ******** length     0 section .text *** removed ***
start ******** end ******** length     0 section .text *** removed ***
start ******** end ******** length     0 section .text *** removed ***
start ******** end ******** length     0 section .text *** removed ***
start ******** end ******** length     0 section .text *** removed ***
start ******** end ******** length     0 section .text *** removed ***
start ******** end ******** length     0 section .text *** removed ***
start ******** end ******** length     0 section .text *** removed ***
start ******** end ******** length     0 section .text *** removed ***
start ******** end ******** length     0 section .text *** removed ***
start 000085e5 end 000085ea length     5 section .text
start ******** end ******** length     0 section .text *** removed ***
start ******** end ******** length     0 section .text *** removed ***
start ******** end ******** length     0 section .text *** removed ***
start ******** end ******** length     0 section .text *** removed ***

Debug\stm8s_tim2.o:
start 000077f2 end 00009b06 length  8980 section .debug
start 00000342 end 000003e0 length   158 section .info.
start 000085ea end 00008643 length    89 section .text
start 00008643 end 00008653 length    16 section .text
start ******** end ******** length     0 section .text *** removed ***
start ******** end ******** length     0 section .text *** removed ***
start ******** end ******** length     0 section .text *** removed ***
start ******** end ******** length     0 section .text *** removed ***
start ******** end ******** length     0 section .text *** removed ***
start 00008653 end 00008660 length    13 section .text
start 00008660 end 00008676 length    22 section .text
start ******** end ******** length     0 section .text *** removed ***
start ******** end ******** length     0 section .text *** removed ***
start ******** end ******** length     0 section .text *** removed ***
start ******** end ******** length     0 section .text *** removed ***
start ******** end ******** length     0 section .text *** removed ***
start ******** end ******** length     0 section .text *** removed ***
start ******** end ******** length     0 section .text *** removed ***
start ******** end ******** length     0 section .text *** removed ***
start ******** end ******** length     0 section .text *** removed ***
start ******** end ******** length     0 section .text *** removed ***
start ******** end ******** length     0 section .text *** removed ***
start ******** end ******** length     0 section .text *** removed ***
start ******** end ******** length     0 section .text *** removed ***
start ******** end ******** length     0 section .text *** removed ***
start ******** end ******** length     0 section .text *** removed ***
start ******** end ******** length     0 section .text *** removed ***
start ******** end ******** length     0 section .text *** removed ***
start ******** end ******** length     0 section .text *** removed ***
start ******** end ******** length     0 section .text *** removed ***
start ******** end ******** length     0 section .text *** removed ***
start ******** end ******** length     0 section .text *** removed ***
start ******** end ******** length     0 section .text *** removed ***
start ******** end ******** length     0 section .text *** removed ***
start ******** end ******** length     0 section .text *** removed ***
start ******** end ******** length     0 section .text *** removed ***
start ******** end ******** length     0 section .text *** removed ***
start ******** end ******** length     0 section .text *** removed ***
start ******** end ******** length     0 section .text *** removed ***
start ******** end ******** length     0 section .text *** removed ***
start ******** end ******** length     0 section .text *** removed ***
start ******** end ******** length     0 section .text *** removed ***
start ******** end ******** length     0 section .text *** removed ***
start ******** end ******** length     0 section .text *** removed ***
start ******** end ******** length     0 section .text *** removed ***
start ******** end ******** length     0 section .text *** removed ***
start ******** end ******** length     0 section .text *** removed ***
start ******** end ******** length     0 section .text *** removed ***

Debug\stm8s_tim4.o:
start 00009b06 end 0000a6bd length  2999 section .debug
start 000003e0 end 0000047e length   158 section .info.
start 00008676 end 0000868f length    25 section .text
start 0000868f end 00008698 length     9 section .text
start 00008698 end 000086a5 length    13 section .text
start 000086a5 end 000086bb length    22 section .text
start ******** end ******** length     0 section .text *** removed ***
start ******** end ******** length     0 section .text *** removed ***
start ******** end ******** length     0 section .text *** removed ***
start ******** end ******** length     0 section .text *** removed ***
start ******** end ******** length     0 section .text *** removed ***
start ******** end ******** length     0 section .text *** removed ***
start ******** end ******** length     0 section .text *** removed ***
start ******** end ******** length     0 section .text *** removed ***
start ******** end ******** length     0 section .text *** removed ***
start ******** end ******** length     0 section .text *** removed ***
start ******** end ******** length     0 section .text *** removed ***
start ******** end ******** length     0 section .text *** removed ***
start ******** end ******** length     0 section .text *** removed ***
start 000086bb end 000086c0 length     5 section .text

Debug\timeout.o:
start 00000000 end 0000000c length    12 section .bsct
start 0000a6bd end 0000ab62 length  1189 section .debug
start 0000047e end 00000519 length   155 section .info.
start 00006e:0 end 00006e:3 length     3 section .bit
start ******** end ******** length     0 section .text *** removed ***
start ******** end ******** length     0 section .text *** removed ***
start ******** end ******** length     0 section .text *** removed ***
start ******** end ******** length     0 section .text *** removed ***
start ******** end ******** length     0 section .text *** removed ***
start ******** end ******** length     0 section .text *** removed ***
start ******** end ******** length     0 section .text *** removed ***
start ******** end ******** length     0 section .text *** removed ***
start ******** end ******** length     0 section .text *** removed ***

Debug\errors.o:
start ******** end ******** length     0 section .ubsct *** removed ***
start 0000ab62 end 0000aee7 length   901 section .debug
start 00000519 end 000005b3 length   154 section .info.
start ******** end ******** length     0 section .const *** removed ***
start ******** end ******** length     0 section .text *** removed ***
start ******** end ******** length     0 section .text *** removed ***
start ******** end ******** length     0 section .text *** removed ***
start ******** end ******** length     0 section .text *** removed ***
start ******** end ******** length     0 section .text *** removed ***
start ******** end ******** length     0 section .text *** removed ***

Debug\config.o:
start 0000aee7 end 0000af99 length   178 section .debug
start 000005b3 end 0000064d length   154 section .info.
start 000086c0 end 000087d8 length   280 section .text

Debug\delay.o:
start 0000af99 end 0000b0c6 length   301 section .debug
start 0000064d end 000006e6 length   153 section .info.
start ******** end ******** length     0 section .text *** removed ***
start 000087d8 end 00008802 length    42 section .text

Debug\main.o:
start 0000000c end 0000000d length     1 section .bsct
start 0000b0c6 end 0000b199 length   211 section .debug
start 000006e6 end 0000077e length   152 section .info.
start 00008802 end 0000886d length   107 section .text
start 00008084 end 0000809c length    24 section .const

Debug\stm8s_it.o:
start 0000000d end 00000016 length     9 section .bsct
start 00000020 end 00000064 length    68 section .ubsct
start 0000b199 end 0000bb04 length  2411 section .debug
start 0000077e end 0000081a length   156 section .info.
start 00006e:3 end 00006e:5 length     2 section .bit
start 0000886d end 0000886e length     1 section .text
start 0000886e end 0000886f length     1 section .text
start 0000886f end 00008870 length     1 section .text
start 00008870 end 00008871 length     1 section .text
start 00008871 end 00008872 length     1 section .text
start 00008872 end 00008873 length     1 section .text
start 00008873 end 00008874 length     1 section .text
start 00008874 end 00008875 length     1 section .text
start 00008875 end 00008876 length     1 section .text
start 00008876 end 00008877 length     1 section .text
start 00008877 end 00008878 length     1 section .text
start 00008878 end 00008879 length     1 section .text
start 00008879 end 0000895f length   230 section .text
start 0000895f end 00008960 length     1 section .text
start 00008960 end 00008961 length     1 section .text
start 00008961 end 00008962 length     1 section .text
start 00008962 end 00008964 length     2 section .text
start 00008964 end 00008965 length     1 section .text
start 00008965 end 00008966 length     1 section .text
start 00008966 end 000089d0 length   106 section .text
start 000089d0 end 000089d1 length     1 section .text

(C:\Program Files (x86)\COSMIC\CXSTM8_32K\Lib\libm0.sm8)llsh.o:
start ******** end ******** length     0 section .text *** removed ***
start 0000081a end 00000848 length    46 section .info.

(C:\Program Files (x86)\COSMIC\CXSTM8_32K\Lib\libm0.sm8)lreg.o:
start 00000064 end 00000068 length     4 section .ubsct
start 00000848 end 00000876 length    46 section .info.

(C:\Program Files (x86)\COSMIC\CXSTM8_32K\Lib\libm0.sm8)lsub.o:
start ******** end ******** length     0 section .text *** removed ***
start 00000876 end 000008a4 length    46 section .info.

(C:\Program Files (x86)\COSMIC\CXSTM8_32K\Lib\libm0.sm8)ltor.o:
start 000089d1 end 000089e3 length    18 section .text
start 000008a4 end 000008d2 length    46 section .info.

(C:\Program Files (x86)\COSMIC\CXSTM8_32K\Lib\libm0.sm8)ludiv.o:
start 000089e3 end 000089f7 length    20 section .text
start 000008d2 end 00000901 length    47 section .info.

(C:\Program Files (x86)\COSMIC\CXSTM8_32K\Lib\libm0.sm8)ldiv.o:
start 000089f7 end 00008ae2 length   235 section .text
start 00000901 end 0000092f length    46 section .info.

(C:\Program Files (x86)\COSMIC\CXSTM8_32K\Lib\libm0.sm8)lgneg.o:
start 00008ae2 end 00008af5 length    19 section .text
start 0000092f end 0000095e length    47 section .info.

(C:\Program Files (x86)\COSMIC\CXSTM8_32K\Lib\libm0.sm8)lneg.o:
start 00008af5 end 00008b0a length    21 section .text
start 0000095e end 0000098c length    46 section .info.

(C:\Program Files (x86)\COSMIC\CXSTM8_32K\Lib\libm0.sm8)lumod.o:
start 00008b0a end 00008b24 length    26 section .text
start 0000098c end 000009bb length    47 section .info.

(C:\Program Files (x86)\COSMIC\CXSTM8_32K\Lib\libm0.sm8)lursh.o:
start ******** end ******** length     0 section .text *** removed ***
start 000009bb end 000009ea length    47 section .info.

(C:\Program Files (x86)\COSMIC\CXSTM8_32K\Lib\libm0.sm8)lzmp.o:
start 00008b24 end 00008b37 length    19 section .text
start 000009ea end 00000a18 length    46 section .info.

(C:\Program Files (x86)\COSMIC\CXSTM8_32K\Lib\libm0.sm8)rtol.o:
start 00008b37 end 00008b49 length    18 section .text
start 00000a18 end 00000a46 length    46 section .info.

(C:\Program Files (x86)\COSMIC\CXSTM8_32K\Lib\libm0.sm8)smul.o:
start ******** end ******** length     0 section .text *** removed ***
start 00000a46 end 00000a74 length    46 section .info.

(C:\Program Files (x86)\COSMIC\CXSTM8_32K\Lib\libm0.sm8)xreg.o:
start 00000068 end 0000006b length     3 section .ubsct
start 00000a74 end 00000aa2 length    46 section .info.

(C:\Program Files (x86)\COSMIC\CXSTM8_32K\Lib\libm0.sm8)yreg.o:
start 0000006b end 0000006e length     3 section .ubsct
start 00000aa2 end 00000ad0 length    46 section .info.

Debug\stm8_interrupt_vector.o:
start 0000bb04 end 0000bc2a length   294 section .debug
start 00000ad0 end 00000b79 length   169 section .info.
start 00008000 end 00008080 length   128 section .const


                             -----------
                             Stack usage
                             -----------

Debug\config.o:
_Config                                10   (2)

Debug\delay.o:
_delay_10us                             4   (4)

Debug\hd44780.o:
_LCD_Clear                             11   (2)
_LCD_Clock                              6   (2)
_LCD_GoTo                              11   (2)
_LCD_Initialize                        11   (2)
_LCD_Move_Cursor                       14   (5)
_LCD_Write                              9   (3)
_LCD_WriteByte                         13   (4)
_LCD_WriteNumber                       21   (7)
_LCD_WriteString                       15   (4)

Debug\main.o:
_main                              >   23   (2)

Debug\stm8s_clk.o:
_CLK_AdjustHSICalibrationValue          3   (3)
_CLK_CCOCmd                             2   (2)
_CLK_CCOConfig                          3   (3)
_CLK_DeInit                             2   (2)
_CLK_FastHaltWakeUpCmd                  2   (2)
_CLK_GetFlagStatus                      7   (7)
_CLK_HSICmd                             2   (2)
_CLK_PeripheralClockConfig              4   (4)
_CLK_SYSCLKConfig                       3   (3)

Debug\stm8s_gpio.o:
_GPIO_Init                              6   (6)

Debug\stm8s_it.o:
f_ADC1_IRQHandler                  >    6   (6)
f_AWU_IRQHandler                   >    6   (6)
f_CLK_IRQHandler                   >    6   (6)
f_EEPROM_EEC_IRQHandler            >    6   (6)
f_EXTI_PORTA_IRQHandler            >    6   (6)
f_EXTI_PORTB_IRQHandler            >    6   (6)
f_EXTI_PORTC_IRQHandler            >    6   (6)
f_EXTI_PORTD_IRQHandler            >    6   (6)
f_EXTI_PORTE_IRQHandler            >    6   (6)
f_I2C_IRQHandler                   >    6   (6)
f_NonHandledInterrupt              >    6   (6)
f_SPI_IRQHandler                   >    6   (6)
f_TIM1_CAP_COM_IRQHandler          >    7   (7)
f_TIM1_UPD_OVF_TRG_BRK_IRQHandler  >    6   (6)
f_TIM2_CAP_COM_IRQHandler          >    6   (6)
f_TIM2_UPD_OVF_BRK_IRQHandler      >    6   (6)
f_TIM4_UPD_OVF_IRQHandler          >   14   (12)
f_TLI_IRQHandler                   >    6   (6)
f_TRAP_IRQHandler                  >    6   (6)
f_UART1_RX_IRQHandler              >    6   (6)
f_UART1_TX_IRQHandler              >    6   (6)

Debug\stm8s_tim1.o:
_TIM1_ClearITPendingBit                 2   (2)
_TIM1_Cmd                               2   (2)
_TIM1_DeInit                            2   (2)
_TIM1_ITConfig                          4   (4)
_TIM1_TimeBaseInit                      8   (8)

Debug\stm8s_tim2.o:
_TIM2_Cmd                               2   (2)
_TIM2_DeInit                            2   (2)
_TIM2_ITConfig                          4   (4)
_TIM2_TimeBaseInit                      5   (5)

Debug\stm8s_tim4.o:
_TIM4_ClearITPendingBit                 2   (2)
_TIM4_Cmd                               2   (2)
_TIM4_DeInit                            2   (2)
_TIM4_ITConfig                          4   (4)
_TIM4_TimeBaseInit                      2   (2)

Stack size: 37


                              ---------
                              Call tree
                              ---------
   1 > __stext: (0)

   2 > _main: (2)
   3      + _Config: (2)
   4      |    + _CLK_AdjustHSICalibrationValue: (3)
   5      |    + _CLK_CCOCmd: (2)
   6      |    + _CLK_CCOConfig: (3)
   7      |    + _CLK_DeInit: (2)
   8      |    + _CLK_FastHaltWakeUpCmd: (2)
   9      |    + _CLK_GetFlagStatus: (7)
  10      |    + _CLK_HSICmd: (2)
  11      |    + _CLK_PeripheralClockConfig: (4)
  12      |    + _CLK_SYSCLKConfig: (3)
  13      |    + _GPIO_Init: (6)
  14      |    + _TIM1_ClearITPendingBit: (2)
  15      |    + _TIM1_Cmd: (2)
  16      |    + _TIM1_DeInit: (2)
  17      |    + _TIM1_ITConfig: (4)
  18      |    + _TIM1_TimeBaseInit: (8)
  19      |    + _TIM2_Cmd: (2)
  20      |    + _TIM2_DeInit: (2)
  21      |    + _TIM2_ITConfig: (4)
  22      |    + _TIM2_TimeBaseInit: (5)
  23      |    + _TIM4_ClearITPendingBit: (2)
  24      |    + _TIM4_Cmd: (2)
  25      |    + _TIM4_DeInit: (2)
  26      |    + _TIM4_ITConfig: (4)
  27      |    + _TIM4_TimeBaseInit: (2)
          | 
  28      + _LCD_Clear: (2)
  29      |    + _LCD_Write: (3)
  30      |    |    + _LCD_Clock: (2)
  31      |    |    |    + _delay_10us: (4)
          |    |    | 
  32      |    |    + _delay_10us --> 31
          |    | 
  33      |    + _delay_10us --> 31
          | 
  34      + _LCD_Initialize: (2)
  35      |    + _LCD_Clock --> 30
  36      |    + _LCD_Write --> 29
  37      |    + _delay_10us --> 31
          | 
  38      + _LCD_Move_Cursor: (5)
  39      |    + _LCD_Write --> 29
  40      |    + _delay_10us --> 31
          | 
  41      + _LCD_WriteByte: (4)
  42      |    + _LCD_Write --> 29
          | 
  43      + _LCD_WriteNumber: (7)
  44      |    + _LCD_Write --> 29
          | 
  45      + _LCD_WriteString: (4)
  46      |    + _LCD_GoTo: (2)
  47      |    |    + _LCD_Write --> 29
  48      |    |    + _delay_10us --> 31
          |    | 
  49      |    + _LCD_Write --> 29
          | 
       
  50 > f_ADC1_IRQHandler: (6)

  51 > f_AWU_IRQHandler: (6)

  52 > f_CLK_IRQHandler: (6)

  53 > f_EEPROM_EEC_IRQHandler: (6)

  54 > f_EXTI_PORTA_IRQHandler: (6)

  55 > f_EXTI_PORTB_IRQHandler: (6)

  56 > f_EXTI_PORTC_IRQHandler: (6)

  57 > f_EXTI_PORTD_IRQHandler: (6)

  58 > f_EXTI_PORTE_IRQHandler: (6)

  59 > f_I2C_IRQHandler: (6)

  60 > f_NonHandledInterrupt: (6)

  61 > f_SPI_IRQHandler: (6)

  62 > f_TIM1_CAP_COM_IRQHandler: (7)

  63 > f_TIM1_UPD_OVF_TRG_BRK_IRQHandler: (6)

  64 > f_TIM2_CAP_COM_IRQHandler: (6)

  65 > f_TIM2_UPD_OVF_BRK_IRQHandler: (6)

  66 > f_TIM4_UPD_OVF_IRQHandler: (12)
  67      + _TIM4_ClearITPendingBit --> 23
       
  68 > f_TLI_IRQHandler: (6)

  69 > f_TRAP_IRQHandler: (6)

  70 > f_UART1_RX_IRQHandler: (6)

  71 > f_UART1_TX_IRQHandler: (6)

  72   _CLK_AdjustHSICalibrationValue --> 4

  73   _CLK_CCOCmd --> 5

  74   _CLK_CCOConfig --> 6

  75   _CLK_DeInit --> 7

  76   _CLK_FastHaltWakeUpCmd --> 8

  77   _CLK_GetFlagStatus --> 9

  78   _CLK_HSICmd --> 10

  79   _CLK_PeripheralClockConfig --> 11

  80   _CLK_SYSCLKConfig --> 12

  81   _Config --> 3

  82   _GPIO_Init --> 13

  83   _LCD_Clear --> 28

  84   _LCD_Clock --> 30

  85   _LCD_GoTo --> 46

  86   _LCD_Initialize --> 34

  87   _LCD_Move_Cursor --> 38

  88   _LCD_Write --> 29

  89   _LCD_WriteByte --> 41

  90   _LCD_WriteNumber --> 43

  91   _LCD_WriteString --> 45

  92   _TIM1_ClearITPendingBit --> 14

  93   _TIM1_Cmd --> 15

  94   _TIM1_DeInit --> 16

  95   _TIM1_ITConfig --> 17

  96   _TIM1_TimeBaseInit --> 18

  97   _TIM2_Cmd --> 19

  98   _TIM2_DeInit --> 20

  99   _TIM2_ITConfig --> 21

 100   _TIM2_TimeBaseInit --> 22

 101   _TIM4_ClearITPendingBit --> 23

 102   _TIM4_Cmd --> 24

 103   _TIM4_DeInit --> 25

 104   _TIM4_ITConfig --> 26

 105   _TIM4_TimeBaseInit --> 27

 106   _delay_10us --> 31



                               -------
                               Symbols
                               -------

_CLKPrescTable                      ********   *** removed from Debug\stm8s_clk.o ***
_CLK_AdjustHSICalibrationValue      00008460   defined in Debug\stm8s_clk.o section .text
                                               used in Debug\config.o
_CLK_CCOCmd                         000083bb   defined in Debug\stm8s_clk.o section .text
                                               used in Debug\config.o
_CLK_CCOConfig                      00008422   defined in Debug\stm8s_clk.o section .text
                                               used in Debug\config.o
_CLK_ClearITPendingBit              ********   *** removed from Debug\stm8s_clk.o ***
_CLK_ClockSecuritySystemEnable      ********   *** removed from Debug\stm8s_clk.o ***
_CLK_ClockSwitchCmd                 ********   *** removed from Debug\stm8s_clk.o ***
_CLK_ClockSwitchConfig              ********   *** removed from Debug\stm8s_clk.o ***
_CLK_DeInit                         0000836b   defined in Debug\stm8s_clk.o section .text
                                               used in Debug\config.o
_CLK_FastHaltWakeUpCmd              000083a1   defined in Debug\stm8s_clk.o section .text
                                               used in Debug\config.o
_CLK_GetClockFreq                   ********   *** removed from Debug\stm8s_clk.o ***
_CLK_GetFlagStatus                  0000846d   defined in Debug\stm8s_clk.o section .text
                                               used in Debug\config.o
_CLK_GetITStatus                    ********   *** removed from Debug\stm8s_clk.o ***
_CLK_GetSYSCLKSource                ********   *** removed from Debug\stm8s_clk.o ***
_CLK_HSECmd                         ********   *** removed from Debug\stm8s_clk.o ***
_CLK_HSICmd                         000083ae   defined in Debug\stm8s_clk.o section .text
                                               used in Debug\config.o
_CLK_HSIPrescalerConfig             ********   *** removed from Debug\stm8s_clk.o ***
_CLK_ITConfig                       ********   *** removed from Debug\stm8s_clk.o ***
_CLK_LSICmd                         ********   *** removed from Debug\stm8s_clk.o ***
_CLK_PeripheralClockConfig          000083c8   defined in Debug\stm8s_clk.o section .text
                                               used in Debug\config.o
_CLK_SWIMConfig                     ********   *** removed from Debug\stm8s_clk.o ***
_CLK_SYSCLKConfig                   00008439   defined in Debug\stm8s_clk.o section .text
                                               used in Debug\config.o
_CLK_SYSCLKEmergencyClear           ********   *** removed from Debug\stm8s_clk.o ***
_CLK_SlowActiveHaltWakeUpCmd        ********   *** removed from Debug\stm8s_clk.o ***
_Config                             000086c0   defined in Debug\config.o section .text
                                               used in Debug\main.o
_Errors_CheckError                  ********   *** removed from Debug\errors.o ***
_Errors_Init                        ********   *** removed from Debug\errors.o ***
_Errors_IsError                     ********   *** removed from Debug\errors.o ***
_Errors_NumErrors                   ********   *** removed from Debug\errors.o ***
_Errors_ResetError                  ********   *** removed from Debug\errors.o ***
_Errors_SetError                    ********   *** removed from Debug\errors.o ***
_FLAG_UART_cmd_rcv                  00006e:4   defined in Debug\stm8s_it.o section .bit, initialized
_GPIO_DeInit                        ********   *** removed from Debug\stm8s_gpio.o ***
_GPIO_ExternalPullUpConfig          ********   *** removed from Debug\stm8s_gpio.o ***
_GPIO_Init                          000084b0   defined in Debug\stm8s_gpio.o section .text
                                               used in Debug\config.o
_GPIO_ReadInputData                 ********   *** removed from Debug\stm8s_gpio.o ***
_GPIO_ReadInputPin                  ********   *** removed from Debug\stm8s_gpio.o ***
_GPIO_ReadOutputData                ********   *** removed from Debug\stm8s_gpio.o ***
_GPIO_Write                         ********   *** removed from Debug\stm8s_gpio.o ***
_GPIO_WriteHigh                     ********   *** removed from Debug\stm8s_gpio.o ***
_GPIO_WriteLow                      ********   *** removed from Debug\stm8s_gpio.o ***
_GPIO_WriteReverse                  ********   *** removed from Debug\stm8s_gpio.o ***
_HSIDivFactor                       ********   *** removed from Debug\stm8s_clk.o ***
_LCD_Clear                          00008320   defined in Debug\hd44780.o section .text
                                               used in Debug\main.o
_LCD_Clock                          00008110   defined in Debug\hd44780.o section .text
_LCD_GoTo                           00008333   defined in Debug\hd44780.o section .text
_LCD_Home                           ********   *** removed from Debug\hd44780.o ***
_LCD_Initialize                     000081f7   defined in Debug\hd44780.o section .text
                                               used in Debug\main.o
_LCD_Move_Cursor                    00008346   defined in Debug\hd44780.o section .text
                                               used in Debug\main.o
_LCD_Write                          0000811f   defined in Debug\hd44780.o section .text
_LCD_WriteByte                      000082b4   defined in Debug\hd44780.o section .text
                                               used in Debug\main.o
_LCD_WriteNumber                    0000824f   defined in Debug\hd44780.o section .text
                                               used in Debug\main.o
_LCD_WriteString                    000082ff   defined in Debug\hd44780.o section .text
                                               used in Debug\main.o
_RFbytesReady                       0000000d   defined in Debug\stm8s_it.o section .bsct, initialized
                                               used in Debug\main.o
_RcvRFmsg                           0000005f   defined in Debug\stm8s_it.o section .ubsct
                                               used in Debug\main.o
_TIM1_ARRPreloadConfig              ********   *** removed from Debug\stm8s_tim1.o ***
_TIM1_BDTRConfig                    ********   *** removed from Debug\stm8s_tim1.o ***
_TIM1_CCPreloadControl              ********   *** removed from Debug\stm8s_tim1.o ***
_TIM1_CCxCmd                        ********   *** removed from Debug\stm8s_tim1.o ***
_TIM1_CCxNCmd                       ********   *** removed from Debug\stm8s_tim1.o ***
_TIM1_ClearFlag                     ********   *** removed from Debug\stm8s_tim1.o ***
_TIM1_ClearITPendingBit             000085e5   defined in Debug\stm8s_tim1.o section .text
                                               used in Debug\config.o
_TIM1_Cmd                           000085c2   defined in Debug\stm8s_tim1.o section .text
                                               used in Debug\config.o
_TIM1_CounterModeConfig             ********   *** removed from Debug\stm8s_tim1.o ***
_TIM1_CtrlPWMOutputs                ********   *** removed from Debug\stm8s_tim1.o ***
_TIM1_DeInit                        00008505   defined in Debug\stm8s_tim1.o section .text
                                               used in Debug\config.o
_TIM1_ETRClockMode1Config           ********   *** removed from Debug\stm8s_tim1.o ***
_TIM1_ETRClockMode2Config           ********   *** removed from Debug\stm8s_tim1.o ***
_TIM1_ETRConfig                     ********   *** removed from Debug\stm8s_tim1.o ***
_TIM1_EncoderInterfaceConfig        ********   *** removed from Debug\stm8s_tim1.o ***
_TIM1_ForcedOC1Config               ********   *** removed from Debug\stm8s_tim1.o ***
_TIM1_ForcedOC2Config               ********   *** removed from Debug\stm8s_tim1.o ***
_TIM1_ForcedOC3Config               ********   *** removed from Debug\stm8s_tim1.o ***
_TIM1_ForcedOC4Config               ********   *** removed from Debug\stm8s_tim1.o ***
_TIM1_GenerateEvent                 ********   *** removed from Debug\stm8s_tim1.o ***
_TIM1_GetCapture1                   ********   *** removed from Debug\stm8s_tim1.o ***
_TIM1_GetCapture2                   ********   *** removed from Debug\stm8s_tim1.o ***
_TIM1_GetCapture3                   ********   *** removed from Debug\stm8s_tim1.o ***
_TIM1_GetCapture4                   ********   *** removed from Debug\stm8s_tim1.o ***
_TIM1_GetCounter                    ********   *** removed from Debug\stm8s_tim1.o ***
_TIM1_GetFlagStatus                 ********   *** removed from Debug\stm8s_tim1.o ***
_TIM1_GetITStatus                   ********   *** removed from Debug\stm8s_tim1.o ***
_TIM1_GetPrescaler                  ********   *** removed from Debug\stm8s_tim1.o ***
_TIM1_ICInit                        ********   *** removed from Debug\stm8s_tim1.o ***
_TIM1_ITConfig                      000085cf   defined in Debug\stm8s_tim1.o section .text
                                               used in Debug\config.o
_TIM1_InternalClockConfig           ********   *** removed from Debug\stm8s_tim1.o ***
_TIM1_OC1FastConfig                 ********   *** removed from Debug\stm8s_tim1.o ***
_TIM1_OC1Init                       ********   *** removed from Debug\stm8s_tim1.o ***
_TIM1_OC1NPolarityConfig            ********   *** removed from Debug\stm8s_tim1.o ***
_TIM1_OC1PolarityConfig             ********   *** removed from Debug\stm8s_tim1.o ***
_TIM1_OC1PreloadConfig              ********   *** removed from Debug\stm8s_tim1.o ***
_TIM1_OC2FastConfig                 ********   *** removed from Debug\stm8s_tim1.o ***
_TIM1_OC2Init                       ********   *** removed from Debug\stm8s_tim1.o ***
_TIM1_OC2NPolarityConfig            ********   *** removed from Debug\stm8s_tim1.o ***
_TIM1_OC2PolarityConfig             ********   *** removed from Debug\stm8s_tim1.o ***
_TIM1_OC2PreloadConfig              ********   *** removed from Debug\stm8s_tim1.o ***
_TIM1_OC3FastConfig                 ********   *** removed from Debug\stm8s_tim1.o ***
_TIM1_OC3Init                       ********   *** removed from Debug\stm8s_tim1.o ***
_TIM1_OC3NPolarityConfig            ********   *** removed from Debug\stm8s_tim1.o ***
_TIM1_OC3PolarityConfig             ********   *** removed from Debug\stm8s_tim1.o ***
_TIM1_OC3PreloadConfig              ********   *** removed from Debug\stm8s_tim1.o ***
_TIM1_OC4FastConfig                 ********   *** removed from Debug\stm8s_tim1.o ***
_TIM1_OC4Init                       ********   *** removed from Debug\stm8s_tim1.o ***
_TIM1_OC4PolarityConfig             ********   *** removed from Debug\stm8s_tim1.o ***
_TIM1_OC4PreloadConfig              ********   *** removed from Debug\stm8s_tim1.o ***
_TIM1_PWMIConfig                    ********   *** removed from Debug\stm8s_tim1.o ***
_TIM1_PrescalerConfig               ********   *** removed from Debug\stm8s_tim1.o ***
_TIM1_SelectCOM                     ********   *** removed from Debug\stm8s_tim1.o ***
_TIM1_SelectHallSensor              ********   *** removed from Debug\stm8s_tim1.o ***
_TIM1_SelectInputTrigger            ********   *** removed from Debug\stm8s_tim1.o ***
_TIM1_SelectMasterSlaveMode         ********   *** removed from Debug\stm8s_tim1.o ***
_TIM1_SelectOCxM                    ********   *** removed from Debug\stm8s_tim1.o ***
_TIM1_SelectOnePulseMode            ********   *** removed from Debug\stm8s_tim1.o ***
_TIM1_SelectOutputTrigger           ********   *** removed from Debug\stm8s_tim1.o ***
_TIM1_SelectSlaveMode               ********   *** removed from Debug\stm8s_tim1.o ***
_TIM1_SetAutoreload                 ********   *** removed from Debug\stm8s_tim1.o ***
_TIM1_SetCompare1                   ********   *** removed from Debug\stm8s_tim1.o ***
_TIM1_SetCompare2                   ********   *** removed from Debug\stm8s_tim1.o ***
_TIM1_SetCompare3                   ********   *** removed from Debug\stm8s_tim1.o ***
_TIM1_SetCompare4                   ********   *** removed from Debug\stm8s_tim1.o ***
_TIM1_SetCounter                    ********   *** removed from Debug\stm8s_tim1.o ***
_TIM1_SetIC1Prescaler               ********   *** removed from Debug\stm8s_tim1.o ***
_TIM1_SetIC2Prescaler               ********   *** removed from Debug\stm8s_tim1.o ***
_TIM1_SetIC3Prescaler               ********   *** removed from Debug\stm8s_tim1.o ***
_TIM1_SetIC4Prescaler               ********   *** removed from Debug\stm8s_tim1.o ***
_TIM1_TIxExternalClockConfig        ********   *** removed from Debug\stm8s_tim1.o ***
_TIM1_TimeBaseInit                  0000859e   defined in Debug\stm8s_tim1.o section .text
                                               used in Debug\config.o
_TIM1_UpdateDisableConfig           ********   *** removed from Debug\stm8s_tim1.o ***
_TIM1_UpdateRequestConfig           ********   *** removed from Debug\stm8s_tim1.o ***
_TIM2_ARRPreloadConfig              ********   *** removed from Debug\stm8s_tim2.o ***
_TIM2_CCxCmd                        ********   *** removed from Debug\stm8s_tim2.o ***
_TIM2_ClearFlag                     ********   *** removed from Debug\stm8s_tim2.o ***
_TIM2_ClearITPendingBit             ********   *** removed from Debug\stm8s_tim2.o ***
_TIM2_Cmd                           00008653   defined in Debug\stm8s_tim2.o section .text
                                               used in Debug\config.o
_TIM2_DeInit                        000085ea   defined in Debug\stm8s_tim2.o section .text
                                               used in Debug\config.o
_TIM2_ForcedOC1Config               ********   *** removed from Debug\stm8s_tim2.o ***
_TIM2_ForcedOC2Config               ********   *** removed from Debug\stm8s_tim2.o ***
_TIM2_ForcedOC3Config               ********   *** removed from Debug\stm8s_tim2.o ***
_TIM2_GenerateEvent                 ********   *** removed from Debug\stm8s_tim2.o ***
_TIM2_GetCapture1                   ********   *** removed from Debug\stm8s_tim2.o ***
_TIM2_GetCapture2                   ********   *** removed from Debug\stm8s_tim2.o ***
_TIM2_GetCapture3                   ********   *** removed from Debug\stm8s_tim2.o ***
_TIM2_GetCounter                    ********   *** removed from Debug\stm8s_tim2.o ***
_TIM2_GetFlagStatus                 ********   *** removed from Debug\stm8s_tim2.o ***
_TIM2_GetITStatus                   ********   *** removed from Debug\stm8s_tim2.o ***
_TIM2_GetPrescaler                  ********   *** removed from Debug\stm8s_tim2.o ***
_TIM2_ICInit                        ********   *** removed from Debug\stm8s_tim2.o ***
_TIM2_ITConfig                      00008660   defined in Debug\stm8s_tim2.o section .text
                                               used in Debug\config.o
_TIM2_OC1Init                       ********   *** removed from Debug\stm8s_tim2.o ***
_TIM2_OC1PolarityConfig             ********   *** removed from Debug\stm8s_tim2.o ***
_TIM2_OC1PreloadConfig              ********   *** removed from Debug\stm8s_tim2.o ***
_TIM2_OC2Init                       ********   *** removed from Debug\stm8s_tim2.o ***
_TIM2_OC2PolarityConfig             ********   *** removed from Debug\stm8s_tim2.o ***
_TIM2_OC2PreloadConfig              ********   *** removed from Debug\stm8s_tim2.o ***
_TIM2_OC3Init                       ********   *** removed from Debug\stm8s_tim2.o ***
_TIM2_OC3PolarityConfig             ********   *** removed from Debug\stm8s_tim2.o ***
_TIM2_OC3PreloadConfig              ********   *** removed from Debug\stm8s_tim2.o ***
_TIM2_PWMIConfig                    ********   *** removed from Debug\stm8s_tim2.o ***
_TIM2_PrescalerConfig               ********   *** removed from Debug\stm8s_tim2.o ***
_TIM2_SelectOCxM                    ********   *** removed from Debug\stm8s_tim2.o ***
_TIM2_SelectOnePulseMode            ********   *** removed from Debug\stm8s_tim2.o ***
_TIM2_SetAutoreload                 ********   *** removed from Debug\stm8s_tim2.o ***
_TIM2_SetCompare1                   ********   *** removed from Debug\stm8s_tim2.o ***
_TIM2_SetCompare2                   ********   *** removed from Debug\stm8s_tim2.o ***
_TIM2_SetCompare3                   ********   *** removed from Debug\stm8s_tim2.o ***
_TIM2_SetCounter                    ********   *** removed from Debug\stm8s_tim2.o ***
_TIM2_SetIC1Prescaler               ********   *** removed from Debug\stm8s_tim2.o ***
_TIM2_SetIC2Prescaler               ********   *** removed from Debug\stm8s_tim2.o ***
_TIM2_SetIC3Prescaler               ********   *** removed from Debug\stm8s_tim2.o ***
_TIM2_TimeBaseInit                  00008643   defined in Debug\stm8s_tim2.o section .text
                                               used in Debug\config.o
_TIM2_UpdateDisableConfig           ********   *** removed from Debug\stm8s_tim2.o ***
_TIM2_UpdateRequestConfig           ********   *** removed from Debug\stm8s_tim2.o ***
_TIM4_ARRPreloadConfig              ********   *** removed from Debug\stm8s_tim4.o ***
_TIM4_ClearFlag                     ********   *** removed from Debug\stm8s_tim4.o ***
_TIM4_ClearITPendingBit             000086bb   defined in Debug\stm8s_tim4.o section .text
                                               used in Debug\config.o
                                                       Debug\stm8s_it.o
_TIM4_Cmd                           00008698   defined in Debug\stm8s_tim4.o section .text
                                               used in Debug\config.o
_TIM4_DeInit                        00008676   defined in Debug\stm8s_tim4.o section .text
                                               used in Debug\config.o
_TIM4_GenerateEvent                 ********   *** removed from Debug\stm8s_tim4.o ***
_TIM4_GetCounter                    ********   *** removed from Debug\stm8s_tim4.o ***
_TIM4_GetFlagStatus                 ********   *** removed from Debug\stm8s_tim4.o ***
_TIM4_GetITStatus                   ********   *** removed from Debug\stm8s_tim4.o ***
_TIM4_GetPrescaler                  ********   *** removed from Debug\stm8s_tim4.o ***
_TIM4_ITConfig                      000086a5   defined in Debug\stm8s_tim4.o section .text
                                               used in Debug\config.o
_TIM4_PrescalerConfig               ********   *** removed from Debug\stm8s_tim4.o ***
_TIM4_SelectOnePulseMode            ********   *** removed from Debug\stm8s_tim4.o ***
_TIM4_SetAutoreload                 ********   *** removed from Debug\stm8s_tim4.o ***
_TIM4_SetCounter                    ********   *** removed from Debug\stm8s_tim4.o ***
_TIM4_TimeBaseInit                  0000868f   defined in Debug\stm8s_tim4.o section .text
                                               used in Debug\config.o
_TIM4_UpdateDisableConfig           ********   *** removed from Debug\stm8s_tim4.o ***
_TIM4_UpdateRequestConfig           ********   *** removed from Debug\stm8s_tim4.o ***
_Timeout_GetTimeout1                ********   *** removed from Debug\timeout.o ***
_Timeout_GetTimeout2                ********   *** removed from Debug\timeout.o ***
_Timeout_GetTimeout3                ********   *** removed from Debug\timeout.o ***
_Timeout_IsTimeout1                 ********   *** removed from Debug\timeout.o ***
_Timeout_IsTimeout2                 ********   *** removed from Debug\timeout.o ***
_Timeout_IsTimeout3                 ********   *** removed from Debug\timeout.o ***
_Timeout_SetTimeout1                ********   *** removed from Debug\timeout.o ***
_Timeout_SetTimeout2                ********   *** removed from Debug\timeout.o ***
_Timeout_SetTimeout3                ********   *** removed from Debug\timeout.o ***
_Timeout_istout1                    00006e:0   defined in Debug\timeout.o section .bit, initialized
                                               used in Debug\stm8s_it.o
_Timeout_istout2                    00006e:1   defined in Debug\timeout.o section .bit, initialized
                                               used in Debug\stm8s_it.o
_Timeout_istout3                    00006e:2   defined in Debug\timeout.o section .bit, initialized
                                               used in Debug\stm8s_it.o
_Timeout_tout1                      00000006   defined in Debug\timeout.o section .bsct, initialized
                                               used in Debug\stm8s_it.o
_Timeout_tout2                      00000008   defined in Debug\timeout.o section .bsct, initialized
                                               used in Debug\stm8s_it.o
_Timeout_tout3                      0000000a   defined in Debug\timeout.o section .bsct, initialized
                                               used in Debug\stm8s_it.o
_Timeout_toutcnt1                   00000000   defined in Debug\timeout.o section .bsct, initialized
                                               used in Debug\stm8s_it.o
_Timeout_toutcnt2                   00000002   defined in Debug\timeout.o section .bsct, initialized
                                               used in Debug\stm8s_it.o
_Timeout_toutcnt3                   00000004   defined in Debug\timeout.o section .bsct, initialized
                                               used in Debug\stm8s_it.o
_UART1_ClearFlag                    ********   *** removed from Debug\stm8s_uart1.o ***
_UART1_ClearITPendingBit            ********   *** removed from Debug\stm8s_uart1.o ***
_UART1_Cmd                          ********   *** removed from Debug\stm8s_uart1.o ***
_UART1_DeInit                       ********   *** removed from Debug\stm8s_uart1.o ***
_UART1_GetFlagStatus                ********   *** removed from Debug\stm8s_uart1.o ***
_UART1_GetITStatus                  ********   *** removed from Debug\stm8s_uart1.o ***
_UART1_HalfDuplexCmd                ********   *** removed from Debug\stm8s_uart1.o ***
_UART1_ITConfig                     ********   *** removed from Debug\stm8s_uart1.o ***
_UART1_Init                         ********   *** removed from Debug\stm8s_uart1.o ***
_UART1_IrDACmd                      ********   *** removed from Debug\stm8s_uart1.o ***
_UART1_IrDAConfig                   ********   *** removed from Debug\stm8s_uart1.o ***
_UART1_LINBreakDetectionConfig      ********   *** removed from Debug\stm8s_uart1.o ***
_UART1_LINCmd                       ********   *** removed from Debug\stm8s_uart1.o ***
_UART1_ReceiveData8                 ********   *** removed from Debug\stm8s_uart1.o ***
_UART1_ReceiveData9                 ********   *** removed from Debug\stm8s_uart1.o ***
_UART1_ReceiverWakeUpCmd            ********   *** removed from Debug\stm8s_uart1.o ***
_UART1_SendBreak                    ********   *** removed from Debug\stm8s_uart1.o ***
_UART1_SendData8                    ********   *** removed from Debug\stm8s_uart1.o ***
_UART1_SendData9                    ********   *** removed from Debug\stm8s_uart1.o ***
_UART1_SetAddress                   ********   *** removed from Debug\stm8s_uart1.o ***
_UART1_SetGuardTime                 ********   *** removed from Debug\stm8s_uart1.o ***
_UART1_SetPrescaler                 ********   *** removed from Debug\stm8s_uart1.o ***
_UART1_SmartCardCmd                 ********   *** removed from Debug\stm8s_uart1.o ***
_UART1_SmartCardNACKCmd             ********   *** removed from Debug\stm8s_uart1.o ***
_UART1_WakeUpConfig                 ********   *** removed from Debug\stm8s_uart1.o ***
__endmem                            000001ff   defined in command file
                                               *** not used ***
__endzp                             0000006e   defined in command file section .ubsct
                                               used in C:\Program Files (x86)\COSMIC\CXSTM8_32K\Lib\crtsi0.sm8
__idesc__                           0000809c   defined in linker section .init
                                               used in C:\Program Files (x86)\COSMIC\CXSTM8_32K\Lib\crtsi0.sm8
__memory                            00000100   defined in command file section .bss
                                               used in C:\Program Files (x86)\COSMIC\CXSTM8_32K\Lib\crtsi0.sm8
__stack                             000003ff   defined in command file
                                               used in C:\Program Files (x86)\COSMIC\CXSTM8_32K\Lib\crtsi0.sm8
__startmem                          00000100   defined in command file section .bss
                                               *** not used ***
__stext                             000080c0   defined in C:\Program Files (x86)\COSMIC\CXSTM8_32K\Lib\crtsi0.sm8 section .text
                                               used in Debug\stm8_interrupt_vector.o
__vectab                            00008000   defined in Debug\stm8_interrupt_vector.o section .const
_delay_10us                         000087d8   defined in Debug\delay.o section .text
                                               used in Debug\hd44780.o
_delay_ms                           ********   *** removed from Debug\delay.o ***
_exit                               0000810e   defined in C:\Program Files (x86)\COSMIC\CXSTM8_32K\Lib\crtsi0.sm8 section .text
_main                               00008802   defined in Debug\main.o section .text
                                               used in C:\Program Files (x86)\COSMIC\CXSTM8_32K\Lib\crtsi0.sm8
c_divsl                             000089f7   defined in (C:\Program Files (x86)\COSMIC\CXSTM8_32K\Lib\libm0.sm8)ldiv.o section .text
                                               *** not used ***
c_divul                             00008a0e   defined in (C:\Program Files (x86)\COSMIC\CXSTM8_32K\Lib\libm0.sm8)ldiv.o section .text
                                               used in (C:\Program Files (x86)\COSMIC\CXSTM8_32K\Lib\libm0.sm8)ludiv.o
                                                       (C:\Program Files (x86)\COSMIC\CXSTM8_32K\Lib\libm0.sm8)lumod.o
c_lgneg                             00008ae2   defined in (C:\Program Files (x86)\COSMIC\CXSTM8_32K\Lib\libm0.sm8)lgneg.o section .text
                                               used in (C:\Program Files (x86)\COSMIC\CXSTM8_32K\Lib\libm0.sm8)ldiv.o
c_llsh                              ********   *** removed from (C:\Program Files (x86)\COSMIC\CXSTM8_32K\Lib\libm0.sm8)llsh.o ***
c_lneg                              00008af5   defined in (C:\Program Files (x86)\COSMIC\CXSTM8_32K\Lib\libm0.sm8)lneg.o section .text
                                               used in (C:\Program Files (x86)\COSMIC\CXSTM8_32K\Lib\libm0.sm8)ldiv.o
c_lreg                              00000064   defined in (C:\Program Files (x86)\COSMIC\CXSTM8_32K\Lib\libm0.sm8)lreg.o section .ubsct
                                               used in Debug\hd44780.o
                                                       Debug\stm8s_clk.o
                                                       Debug\stm8s_uart1.o
                                                       Debug\main.o
                                                       (C:\Program Files (x86)\COSMIC\CXSTM8_32K\Lib\libm0.sm8)llsh.o
                                                       (C:\Program Files (x86)\COSMIC\CXSTM8_32K\Lib\libm0.sm8)lsub.o
                                                       (C:\Program Files (x86)\COSMIC\CXSTM8_32K\Lib\libm0.sm8)ltor.o
                                                       (C:\Program Files (x86)\COSMIC\CXSTM8_32K\Lib\libm0.sm8)ldiv.o
                                                       (C:\Program Files (x86)\COSMIC\CXSTM8_32K\Lib\libm0.sm8)lneg.o
                                                       (C:\Program Files (x86)\COSMIC\CXSTM8_32K\Lib\libm0.sm8)lumod.o
                                                       (C:\Program Files (x86)\COSMIC\CXSTM8_32K\Lib\libm0.sm8)lursh.o
                                                       (C:\Program Files (x86)\COSMIC\CXSTM8_32K\Lib\libm0.sm8)rtol.o
                                                       (C:\Program Files (x86)\COSMIC\CXSTM8_32K\Lib\libm0.sm8)smul.o
c_lsub                              ********   *** removed from (C:\Program Files (x86)\COSMIC\CXSTM8_32K\Lib\libm0.sm8)lsub.o ***
c_ltor                              000089d1   defined in (C:\Program Files (x86)\COSMIC\CXSTM8_32K\Lib\libm0.sm8)ltor.o section .text
                                               used in Debug\hd44780.o
                                                       Debug\stm8s_clk.o
                                                       Debug\stm8s_uart1.o
c_ludv                              000089e3   defined in (C:\Program Files (x86)\COSMIC\CXSTM8_32K\Lib\libm0.sm8)ludiv.o section .text
                                               used in Debug\hd44780.o
                                                       Debug\stm8s_clk.o
                                                       Debug\stm8s_uart1.o
c_lumd                              00008b0a   defined in (C:\Program Files (x86)\COSMIC\CXSTM8_32K\Lib\libm0.sm8)lumod.o section .text
                                               used in Debug\hd44780.o
c_lursh                             ********   *** removed from (C:\Program Files (x86)\COSMIC\CXSTM8_32K\Lib\libm0.sm8)lursh.o ***
c_lzmp                              00008b24   defined in (C:\Program Files (x86)\COSMIC\CXSTM8_32K\Lib\libm0.sm8)lzmp.o section .text
                                               used in Debug\hd44780.o
c_rtol                              00008b37   defined in (C:\Program Files (x86)\COSMIC\CXSTM8_32K\Lib\libm0.sm8)rtol.o section .text
                                               used in Debug\hd44780.o
                                                       Debug\stm8s_clk.o
                                                       Debug\stm8s_uart1.o
c_smul                              ********   *** removed from (C:\Program Files (x86)\COSMIC\CXSTM8_32K\Lib\libm0.sm8)smul.o ***
c_x                                 00000068   defined in (C:\Program Files (x86)\COSMIC\CXSTM8_32K\Lib\libm0.sm8)xreg.o section .ubsct
                                               used in C:\Program Files (x86)\COSMIC\CXSTM8_32K\Lib\crtsi0.sm8
                                                       Debug\stm8s_it.o
                                                       (C:\Program Files (x86)\COSMIC\CXSTM8_32K\Lib\libm0.sm8)ldiv.o
c_y                                 0000006b   defined in (C:\Program Files (x86)\COSMIC\CXSTM8_32K\Lib\libm0.sm8)yreg.o section .ubsct
                                               used in C:\Program Files (x86)\COSMIC\CXSTM8_32K\Lib\crtsi0.sm8
                                                       Debug\stm8s_it.o
f_ADC1_IRQHandler                   00008965   defined in Debug\stm8s_it.o section .text
                                               used in Debug\stm8_interrupt_vector.o
f_AWU_IRQHandler                    00008870   defined in Debug\stm8s_it.o section .text
                                               used in Debug\stm8_interrupt_vector.o
f_CLK_IRQHandler                    00008871   defined in Debug\stm8s_it.o section .text
                                               used in Debug\stm8_interrupt_vector.o
f_EEPROM_EEC_IRQHandler             000089d0   defined in Debug\stm8s_it.o section .text
                                               used in Debug\stm8_interrupt_vector.o
f_EXTI_PORTA_IRQHandler             00008872   defined in Debug\stm8s_it.o section .text
                                               used in Debug\stm8_interrupt_vector.o
f_EXTI_PORTB_IRQHandler             00008873   defined in Debug\stm8s_it.o section .text
                                               used in Debug\stm8_interrupt_vector.o
f_EXTI_PORTC_IRQHandler             00008874   defined in Debug\stm8s_it.o section .text
                                               used in Debug\stm8_interrupt_vector.o
f_EXTI_PORTD_IRQHandler             00008875   defined in Debug\stm8s_it.o section .text
                                               used in Debug\stm8_interrupt_vector.o
f_EXTI_PORTE_IRQHandler             00008876   defined in Debug\stm8s_it.o section .text
                                               used in Debug\stm8_interrupt_vector.o
f_I2C_IRQHandler                    00008964   defined in Debug\stm8s_it.o section .text
                                               used in Debug\stm8_interrupt_vector.o
f_NonHandledInterrupt               0000886d   defined in Debug\stm8s_it.o section .text
                                               used in Debug\stm8_interrupt_vector.o
f_SPI_IRQHandler                    00008877   defined in Debug\stm8s_it.o section .text
                                               used in Debug\stm8_interrupt_vector.o
f_TIM1_CAP_COM_IRQHandler           00008879   defined in Debug\stm8s_it.o section .text
                                               used in Debug\stm8_interrupt_vector.o
f_TIM1_UPD_OVF_TRG_BRK_IRQHandler   00008878   defined in Debug\stm8s_it.o section .text
                                               used in Debug\stm8_interrupt_vector.o
f_TIM2_CAP_COM_IRQHandler           00008960   defined in Debug\stm8s_it.o section .text
                                               used in Debug\stm8_interrupt_vector.o
f_TIM2_UPD_OVF_BRK_IRQHandler       0000895f   defined in Debug\stm8s_it.o section .text
                                               used in Debug\stm8_interrupt_vector.o
f_TIM4_UPD_OVF_IRQHandler           00008966   defined in Debug\stm8s_it.o section .text
                                               used in Debug\stm8_interrupt_vector.o
f_TLI_IRQHandler                    0000886f   defined in Debug\stm8s_it.o section .text
                                               used in Debug\stm8_interrupt_vector.o
f_TRAP_IRQHandler                   0000886e   defined in Debug\stm8s_it.o section .text
                                               used in Debug\stm8_interrupt_vector.o
f_UART1_RX_IRQHandler               00008962   defined in Debug\stm8s_it.o section .text
                                               used in Debug\stm8_interrupt_vector.o
f_UART1_TX_IRQHandler               00008961   defined in Debug\stm8s_it.o section .text
                                               used in Debug\stm8_interrupt_vector.o
